Statement for BigCo
- Hamlet: R$ 350,00 (55 seats)
  Credits: 25
- As You Like It: R$ 380,00 (35 seats)
  Credits: 25
- Othello: R$ 200,00 (40 seats)
  Credits: 10
- Henry V: R$ 260,00 (20 seats)
  Credits: 0
- King John: R$ 602,00 (39 seats)
  Credits: 9
- Henry V: R$ 260,00 (20 seats)
  Credits: 0
Total amount: R$ 2.052,00
Total points: 69
